// Jest Snapshot v1, https://goo.gl/fbAQLP

exports[`Pruebas en <GifItem/> Debe hacer match con el snapshot 1`] = `
<div>
  <div
    class="card"
  >
    <img
      alt="Hola Soy Nicolas"
      src="https://nico-test.com/lii.jpg"
    />
    <p>
      Hola Soy Nicolas
    </p>
  </div>
</div>
`;
